// Jest Snapshot v1, https://goo.gl/fbAQLP

exports[`emails should allow custom components 1`] = `
Object {
  "body": Object {
    "html": "<!DOCTYPE html PUBLIC \\"-//W3C//DTD XHTML 1.0 Transitional//EN\\"
\\"http://www.w3.org/TR/xhtml1/DTD/xhtml1-transitional.dtd\\">
<html lang=\\"en\\"><head><meta http-equiv=\\"Content-Type\\" content=\\"text/html; charset=UTF-8\\"/><meta name=\\"format-detection\\" content=\\"telephone=no\\"/><meta name=\\"viewport\\" content=\\"width=device-width; initial-scale=1.0; maximum-scale=1.0; user-scalable=no;\\"/><meta http-equiv=\\"X-UA-Compatible\\" content=\\"IE=9; IE=8; IE=7; IE=EDGE\\"/><link href=\\"https://fonts.googleapis.com/css?family=Open+Sans:300,400,400i,600,600i,700,700i\\" rel=\\"stylesheet\\"/><style type=\\"text/css\\"></style></head><body><table><tr><td>Custom Email Template<p style=\\"font-size:20px\\">Welcome Spike!</p></td></tr></table></body></html>",
    "text": "Custom Email Template

Welcome Spike!

",
  },
  "subject": "Custom Email Template",
}
`;

exports[`emails should match the existing snapshot 1`] = `
Object {
  "body": Object {
    "html": "<!DOCTYPE html PUBLIC \\"-//W3C//DTD XHTML 1.0 Transitional//EN\\"
\\"http://www.w3.org/TR/xhtml1/DTD/xhtml1-transitional.dtd\\">
<html lang=\\"en\\"><head><meta http-equiv=\\"Content-Type\\" content=\\"text/html; charset=UTF-8\\"/><meta name=\\"format-detection\\" content=\\"telephone=no\\"/><meta name=\\"viewport\\" content=\\"width=device-width; initial-scale=1.0; maximum-scale=1.0; user-scalable=no;\\"/><meta http-equiv=\\"X-UA-Compatible\\" content=\\"IE=9; IE=8; IE=7; IE=EDGE\\"/><link href=\\"https://fonts.googleapis.com/css?family=Open+Sans:300,400,400i,600,600i,700,700i\\" rel=\\"stylesheet\\"/><style type=\\"text/css\\"></style></head><body><table><tr><td>Simple Email Template<p style=\\"font-size:20px\\">This is a simple template.</p></td></tr></table></body></html>",
    "text": "Simple Email Template

This is a simple template.

",
  },
  "subject": "Simple Email Template",
}
`;
